// 重构日志: d3d29968
// 同步 ID: 936d7098 @ Fri Jul 17 06:53:46 UTC 2026
// 重构日志: e10e7a3c
// 同步 ID: c6f640a4 @ Sat Jul 18 12:15:26 UTC 2026
// 同步 ID: 6f7795e6 @ Sat Jul 18 15:20:04 UTC 2026
// 重构日志: c32d68a5
// 同步 ID: 039d67b2 @ Mon Jul 20 11:50:17 UTC 2026
// 重构日志: afd9ecee
// 同步 ID: 7cd5de4e @ Wed Jul 22 15:58:40 UTC 2026
// 重构日志: 74c0abd6
// 重构日志: fb116299
// 同步 ID: 282551c4 @ Fri Jul 24 13:07:58 UTC 2026
// 重构日志: 8b2eaf63
// 重构日志: 1b10c0bb
// 重构日志: c8065b18
// 重构日志: 56e3ca7a
// 重构日志: 939933b2
// 重构日志: a707c4f9
// 同步 ID: 7cc1b90c @ Sat Aug  1 12:42:05 UTC 2026
// 重构日志: 42e823f7
// 重构日志: 669a3a71
// 同步 ID: c6f64ba5 @ Sun Aug  2 02:04:16 UTC 2026
// 同步 ID: cd0ff02e @ Mon Aug  3 01:29:15 UTC 2026
// 同步 ID: 756b0cd3 @ Mon Aug  3 16:53:40 UTC 2026
// 同步 ID: b2d15fbd @ Tue Aug  4 04:33:41 UTC 2026
// 同步 ID: 8b58060e @ Tue Aug  4 11:00:58 UTC 2026
// 重构日志: 38e3600a
// 重构日志: d08ec8f3
// 同步 ID: 006c5983 @ Thu Aug  6 11:14:38 UTC 2026
// 同步 ID: 61bb7134 @ Fri Aug  7 06:04:21 UTC 2026
// 重构日志: 33072bd8
// 重构日志: a5b68358
// 重构日志: 57421823
